
SYMBOLS BY NAME

     508 UDATA0     _H32                
     408 UDATA0     _H64                
    1ffc            _RAM_Size           
       4            _RAM_Start_Address  
      88 IDATA0     _SHA_160_CONSTANTS  
      74 IDATA0     _SHA_160_Initial    
      98 IDATA0     _SHA_224_Initial    
      b8 IDATA0     _SHA_256_Initial    
      d8 IDATA0     _SHA_384_Initial    
     118 IDATA0     _SHA_512_Initial    
     158 IDATA0     _SHA_CONSTANTS      
     528 UDATA0     _W32                
     448 UDATA0     _W64                
     6d4 CONST      ___RAL_hex_lc       
     6c4 CONST      ___RAL_hex_uc       
    3398 CODE       ___RAL_pow10        
    349c CODE       ___RAL_pre_padding  
    3476 CODE       ___RAL_print_padding
     404 IDATA0     ___RAL_rand_next    
    42f0 CODE       ___RAL_read_tp      
       4            ___begin_IDATA0     
     60c            ___begin_THREAD     
     408            ___begin_UDATA0     
     408            ___end_IDATA0       
     610            ___end_THREAD       
     60c            ___end_UDATA0       
    34d6 CODE       ___errno            
    3746 CODE       ___float32_add      
    3c54 CODE       ___float32_div      
    3f3c CODE       ___float32_eq_0     
    3640 CODE       ___float32_isinf    
    365a CODE       ___float32_isnan    
    3d88 CODE       ___float32_lt       
    3f4c CODE       ___float32_lt_0     
    3b1c CODE       ___float32_mul      
     6fc CONST      ___float32_nan      
    3674 CODE       ___float32_signbit  
    3afe CODE       ___float32_sub      
    3eae CODE       ___float32_to_int64 
     a8c CODE       ___getchar          
    32b8 CODE       ___int32_div        
    32e0 CODE       ___int32_mod        
    329e CODE       ___int32_mul        
       4 IDATA0     ___isr_table        
    42f4 CODE       ___printf_lock      
    42f6 CODE       ___printf_unlock    
    3404 CODE       ___putc             
     a6e CODE       ___putchar          
    3306 CODE       ___uint32_div       
     1aa STARTUP    ___uint32_load_c    
    3334 CODE       ___uint64_div       
    3340 CODE       ___uint64_divmod    
     1bc STARTUP    ___uint64_load_c    
    3324 CODE       ___uint64_mod       
    336e CODE       ___uint64_mul_32x32 
    3de0 CODE       ___uint64_to_float32
     198 STARTUP    ___uint8_load_c     
     400 IDATA0     ___ungot            
     608 UDATA0     ___user_format_extender
    207c CODE       ___vfprintf         
    207c CODE       ___vfprintf_float_long_long
     584 UDATA0     _a32                
     500 UDATA0     _a64                
    34c6 CODE       _abs                
     580 UDATA0     _b32                
     4f8 UDATA0     _b64                
     57c UDATA0     _c32                
     4f0 UDATA0     _c64                
     9fe CODE       _checkHashPattern   
     578 UDATA0     _d32                
     4e8 UDATA0     _d64                
     574 UDATA0     _e32                
     4e0 UDATA0     _e64                
     570 UDATA0     _f32                
     4d8 UDATA0     _f64                
    41de CODE       _fabsf              
    3fea CODE       _floor              
    3fea CODE       _floorf             
    40c8 CODE       _fmod               
    40c8 CODE       _fmodf              
    428a CODE       _frexp              
    428a CODE       _frexpf             
     56c UDATA0     _g32                
     4d0 UDATA0     _g64                
    34ea CODE       _getchar            
     568 UDATA0     _h32                
     4c8 UDATA0     _h64                
     95c CODE       _hexdump            
    4200 CODE       _ldexp              
    4200 CODE       _ldexpf             
     700 CODE       _main               
    35fc CODE       _memcpy             
    3f58 CODE       _modff              
     99a CODE       _myRandom           
    3516 CODE       _printf             
    3572 CODE       _rand               
     a3e CODE       _serial_init        
     cea CODE       _sha_bigsigma256_0  
     d1a CODE       _sha_bigsigma256_1  
     daa CODE       _sha_bigsigma512_0  
     df6 CODE       _sha_bigsigma512_1  
     aae CODE       _sha_ch             
     eda CODE       _sha_checkMode      
     f14 CODE       _sha_copy32         
     f46 CODE       _sha_copy64         
     fdc CODE       _sha_copyWordsToBytes32
    106c CODE       _sha_copyWordsToBytes64
    1c7c CODE       _sha_createHash     
    1218 CODE       _sha_getK           
    1280 CODE       _sha_getW           
    15ae CODE       _sha_hashblock      
    1566 CODE       _sha_hw_checkmode   
    1598 CODE       _sha_hw_copyhash    
    157a CODE       _sha_hw_hashblock   
    1574 CODE       _sha_hw_init        
     f80 CODE       _sha_initialize     
     d4a CODE       _sha_littlesigma256_0
     d7a CODE       _sha_littlesigma256_1
     e42 CODE       _sha_littlesigma512_0
     e8e CODE       _sha_littlesigma512_1
     b04 CODE       _sha_maj            
    1492 CODE       _sha_prepareSchedule
     3d8 IDATA0     _sha_ptr            
     ba8 CODE       _sha_rotl_32        
     b72 CODE       _sha_rotr_32        
     bde CODE       _sha_rotr_64        
     c6e CODE       _sha_sha1f          
     c32 CODE       _sha_shr_32         
     c48 CODE       _sha_shr_64         
    11ba CODE       _sha_writeResult    
    1f4e CODE       _shahw_maxq1850_checkmode
    201e CODE       _shahw_maxq1850_copyhash
    1f94 CODE       _shahw_maxq1850_hashmsg
    1f72 CODE       _shahw_maxq1850_init
    359e CODE       _srand              
    35a6 CODE       _strcat             
    3620 CODE       _strcpy             
    3630 CODE       _strlen             
    35de CODE       _strnlen            
     620 CONST      _thread_init_begin  
     624 CONST      _thread_init_end    
     588 UDATA0     _workbuffer         
       0 STARTUP    start               


SYMBOLS BY VALUE

       0 STARTUP    start               
       4            _RAM_Start_Address  
       4            ___begin_IDATA0     
       4 IDATA0     ___isr_table        
      74 IDATA0     _SHA_160_Initial    
      88 IDATA0     _SHA_160_CONSTANTS  
      98 IDATA0     _SHA_224_Initial    
      b8 IDATA0     _SHA_256_Initial    
      d8 IDATA0     _SHA_384_Initial    
     118 IDATA0     _SHA_512_Initial    
     158 IDATA0     _SHA_CONSTANTS      
     198 STARTUP    ___uint8_load_c     
     1aa STARTUP    ___uint32_load_c    
     1bc STARTUP    ___uint64_load_c    
     3d8 IDATA0     _sha_ptr            
     400 IDATA0     ___ungot            
     404 IDATA0     ___RAL_rand_next    
     408 UDATA0     _H64                
     408            ___begin_UDATA0     
     408            ___end_IDATA0       
     448 UDATA0     _W64                
     4c8 UDATA0     _h64                
     4d0 UDATA0     _g64                
     4d8 UDATA0     _f64                
     4e0 UDATA0     _e64                
     4e8 UDATA0     _d64                
     4f0 UDATA0     _c64                
     4f8 UDATA0     _b64                
     500 UDATA0     _a64                
     508 UDATA0     _H32                
     528 UDATA0     _W32                
     568 UDATA0     _h32                
     56c UDATA0     _g32                
     570 UDATA0     _f32                
     574 UDATA0     _e32                
     578 UDATA0     _d32                
     57c UDATA0     _c32                
     580 UDATA0     _b32                
     584 UDATA0     _a32                
     588 UDATA0     _workbuffer         
     608 UDATA0     ___user_format_extender
     60c            ___end_UDATA0       
     60c            ___begin_THREAD     
     610            ___end_THREAD       
     620 CONST      _thread_init_begin  
     624 CONST      _thread_init_end    
     6c4 CONST      ___RAL_hex_uc       
     6d4 CONST      ___RAL_hex_lc       
     6fc CONST      ___float32_nan      
     700 CODE       _main               
     95c CODE       _hexdump            
     99a CODE       _myRandom           
     9fe CODE       _checkHashPattern   
     a3e CODE       _serial_init        
     a6e CODE       ___putchar          
     a8c CODE       ___getchar          
     aae CODE       _sha_ch             
     b04 CODE       _sha_maj            
     b72 CODE       _sha_rotr_32        
     ba8 CODE       _sha_rotl_32        
     bde CODE       _sha_rotr_64        
     c32 CODE       _sha_shr_32         
     c48 CODE       _sha_shr_64         
     c6e CODE       _sha_sha1f          
     cea CODE       _sha_bigsigma256_0  
     d1a CODE       _sha_bigsigma256_1  
     d4a CODE       _sha_littlesigma256_0
     d7a CODE       _sha_littlesigma256_1
     daa CODE       _sha_bigsigma512_0  
     df6 CODE       _sha_bigsigma512_1  
     e42 CODE       _sha_littlesigma512_0
     e8e CODE       _sha_littlesigma512_1
     eda CODE       _sha_checkMode      
     f14 CODE       _sha_copy32         
     f46 CODE       _sha_copy64         
     f80 CODE       _sha_initialize     
     fdc CODE       _sha_copyWordsToBytes32
    106c CODE       _sha_copyWordsToBytes64
    11ba CODE       _sha_writeResult    
    1218 CODE       _sha_getK           
    1280 CODE       _sha_getW           
    1492 CODE       _sha_prepareSchedule
    1566 CODE       _sha_hw_checkmode   
    1574 CODE       _sha_hw_init        
    157a CODE       _sha_hw_hashblock   
    1598 CODE       _sha_hw_copyhash    
    15ae CODE       _sha_hashblock      
    1c7c CODE       _sha_createHash     
    1f4e CODE       _shahw_maxq1850_checkmode
    1f72 CODE       _shahw_maxq1850_init
    1f94 CODE       _shahw_maxq1850_hashmsg
    1ffc            _RAM_Size           
    201e CODE       _shahw_maxq1850_copyhash
    207c CODE       ___vfprintf_float_long_long
    207c CODE       ___vfprintf         
    329e CODE       ___int32_mul        
    32b8 CODE       ___int32_div        
    32e0 CODE       ___int32_mod        
    3306 CODE       ___uint32_div       
    3324 CODE       ___uint64_mod       
    3334 CODE       ___uint64_div       
    3340 CODE       ___uint64_divmod    
    336e CODE       ___uint64_mul_32x32 
    3398 CODE       ___RAL_pow10        
    3404 CODE       ___putc             
    3476 CODE       ___RAL_print_padding
    349c CODE       ___RAL_pre_padding  
    34c6 CODE       _abs                
    34d6 CODE       ___errno            
    34ea CODE       _getchar            
    3516 CODE       _printf             
    3572 CODE       _rand               
    359e CODE       _srand              
    35a6 CODE       _strcat             
    35de CODE       _strnlen            
    35fc CODE       _memcpy             
    3620 CODE       _strcpy             
    3630 CODE       _strlen             
    3640 CODE       ___float32_isinf    
    365a CODE       ___float32_isnan    
    3674 CODE       ___float32_signbit  
    3746 CODE       ___float32_add      
    3afe CODE       ___float32_sub      
    3b1c CODE       ___float32_mul      
    3c54 CODE       ___float32_div      
    3d88 CODE       ___float32_lt       
    3de0 CODE       ___uint64_to_float32
    3eae CODE       ___float32_to_int64 
    3f3c CODE       ___float32_eq_0     
    3f4c CODE       ___float32_lt_0     
    3f58 CODE       _modff              
    3fea CODE       _floorf             
    3fea CODE       _floor              
    40c8 CODE       _fmod               
    40c8 CODE       _fmodf              
    41de CODE       _fabsf              
    4200 CODE       _ldexpf             
    4200 CODE       _ldexp              
    428a CODE       _frexp              
    428a CODE       _frexpf             
    42f0 CODE       ___RAL_read_tp      
    42f4 CODE       ___printf_lock      
    42f6 CODE       ___printf_unlock    
